// Jest Snapshot v1, https://goo.gl/fbAQLP

exports[`renders Home unchanged 1`] = `
<div>
  <div
    class="sc-1f95f51c-0 gAyRFd"
  >
    <div
      class="sc-6575d793-0 fdffiX"
    >
      <div
        class="sc-bdfCDU sc-9af70b48-0 bCdRCv jukmPH"
        data-name="container"
      >
        <div
          class="sc-gsTDqH sc-ccc3d276-0 cyHZsm dONdvU"
          data-name="row"
        >
          <div
            class="sc-dlfmHC sc-bbf47a8d-0 gwdiUT gLpuEv"
            data-name="col-lg-12"
            lg="12"
          >
            <h1
              class="sc-6575d793-1 dMSaXe"
            >
              Home Inspiration
            </h1>
          </div>
        </div>
      </div>
      <div
        class="sc-bdfCDU sc-9af70b48-0 bCdRCv jukmPH"
        data-name="container"
      >
        <div
          class="sc-gsTDqH sc-ccc3d276-0 cyHZsm dONdvU"
          data-name="row"
        >
          <div
            class="sc-6575d793-2 SYLRH"
          >
            <div
              class="sc-dlfmHC sc-bbf47a8d-0 ZCqIT gLpuEv"
              data-name="col-sm-3 col-lg-3"
              lg="3"
              sm="3"
            >
              <div
                class="sc-6575d793-3 esXGDZ"
                style="background-color: rgb(244, 240, 236);"
              >
                <div
                  class="sc-6575d793-4 jcYfYb"
                  style="background-color: rgb(52, 85, 74);"
                >
                  <span
                    class="sc-6575d793-5 dLvNZm"
                  >
                    All
                  </span>
                </div>
              </div>
            </div>
            <div
              class="sc-dlfmHC sc-bbf47a8d-0 ZCqIT gLpuEv"
              data-name="col-sm-3 col-lg-3"
              lg="3"
              sm="3"
            >
              <div
                class="sc-6575d793-3 esXGDZ"
                style="background-color: rgb(244, 240, 236);"
              >
                <img
                  alt="Beauty pic"
                  class="sc-6575d793-6 goVjvB"
                  data-nimg="1"
                  decoding="async"
                  height="180"
                  loading="lazy"
                  src="/_next/image?url=%2Fimg.jpg&w=640&q=75"
                  srcset="/_next/image?url=%2Fimg.jpg&w=256&q=75 1x, /_next/image?url=%2Fimg.jpg&w=640&q=75 2x"
                  style="color: transparent; opacity: 0.6;"
                  width="252"
                />
                <div
                  class="sc-6575d793-4 jcYfYb"
                  style="background-color: rgba(0, 0, 0, 0.4);"
                >
                  <span
                    class="sc-6575d793-5 dLvNZm"
                  >
                    Beauty
                  </span>
                </div>
              </div>
            </div>
            <div
              class="sc-dlfmHC sc-bbf47a8d-0 ZCqIT gLpuEv"
              data-name="col-sm-3 col-lg-3"
              lg="3"
              sm="3"
            >
              <div
                class="sc-6575d793-3 esXGDZ"
                style="background-color: rgb(244, 240, 236);"
              >
                <img
                  alt="Home pic"
                  class="sc-6575d793-6 goVjvB"
                  data-nimg="1"
                  decoding="async"
                  height="180"
                  loading="lazy"
                  src="/_next/image?url=%2Fimg.jpg&w=640&q=75"
                  srcset="/_next/image?url=%2Fimg.jpg&w=256&q=75 1x, /_next/image?url=%2Fimg.jpg&w=640&q=75 2x"
                  style="color: transparent; opacity: 1;"
                  width="252"
                />
                <div
                  class="sc-6575d793-4 jcYfYb"
                  style="background-color: rgba(0, 0, 0, 0.4);"
                >
                  <span
                    class="sc-6575d793-5 dLvNZm"
                  >
                    Home
                  </span>
                </div>
              </div>
            </div>
            <div
              class="sc-dlfmHC sc-bbf47a8d-0 ZCqIT gLpuEv"
              data-name="col-sm-3 col-lg-3"
              lg="3"
              sm="3"
            >
              <div
                class="sc-6575d793-3 esXGDZ"
                style="background-color: rgb(244, 240, 236);"
              >
                <img
                  alt="Fashion pic"
                  class="sc-6575d793-6 goVjvB"
                  data-nimg="1"
                  decoding="async"
                  height="180"
                  loading="lazy"
                  src="/_next/image?url=%2Fimg.jpg&w=640&q=75"
                  srcset="/_next/image?url=%2Fimg.jpg&w=256&q=75 1x, /_next/image?url=%2Fimg.jpg&w=640&q=75 2x"
                  style="color: transparent; opacity: 0.6;"
                  width="252"
                />
                <div
                  class="sc-6575d793-4 jcYfYb"
                  style="background-color: rgba(0, 0, 0, 0.4);"
                >
                  <span
                    class="sc-6575d793-5 dLvNZm"
                  >
                    Fashion
                  </span>
                </div>
              </div>
            </div>
          </div>
        </div>
      </div>
    </div>
    <div
      class="sc-d3fee227-3 kdeUUw"
    >
      <button
        class="sc-d3fee227-4 jruZxF"
      >
        Latest
      </button>
    </div>
    <div
      class="sc-bdfCDU sc-9af70b48-0 bCdRCv jukmPH"
      data-name="container"
    >
      <div
        class="sc-gsTDqH sc-ccc3d276-0 cyHZsm dONdvU"
        data-name="row"
      >
        <div
          class="sc-dlfmHC sc-bbf47a8d-0 jtvEvI gLpuEv"
          data-name="col-xs-6 col-sm-6 col-md-6 col-lg-3"
          lg="3"
          md="6"
          sm="6"
          xs="6"
        >
          <div
            class="sc-d3fee227-2 lavfCs"
          >
            <img
              alt="house"
              class="sc-d3fee227-13 jknIaM"
              data-nimg="1"
              decoding="async"
              height="252"
              loading="lazy"
              src="/_next/image?url=%2Finspirationpageimages%2Fimage.jpg&w=640&q=75"
              srcset="/_next/image?url=%2Finspirationpageimages%2Fimage.jpg&w=256&q=75 1x, /_next/image?url=%2Finspirationpageimages%2Fimage.jpg&w=640&q=75 2x"
              style="color: transparent;"
              width="252"
            />
            <div
              class="sc-d3fee227-8 gHUjKi"
            >
              <div
                class="sc-d3fee227-10 gdWbQi"
              >
                <svg
                  fill="white"
                  height="17"
                  viewBox="0 0 17 18"
                  width="17"
                  xmlns="http://www.w3.org/2000/svg"
                >
                  <path
                    d="M4.23136 17.5001C3.34385 17.5151 2.48655 17.1778 1.84722 16.562C1.20788 15.9463 0.838626 15.1023 0.820313 14.2148L0.820312 14.1587L1.88876 4.29361C1.94157 3.86785 2.14996 3.47666 2.47384 3.19531C2.79772 2.91395 3.2142 2.76231 3.64316 2.76956H5.58456C5.74116 2.12268 6.11068 1.54723 6.63374 1.13567C7.15681 0.724121 7.80305 0.500366 8.46861 0.500366C9.13418 0.500366 9.78042 0.724121 10.3035 1.13567C10.8265 1.54723 11.1961 2.12268 11.3527 2.76956H13.2941C13.7232 2.76227 14.1399 2.91385 14.4641 3.19517C14.7882 3.4765 14.997 3.86771 15.0502 4.29361L16.1203 14.1579C16.1217 14.1765 16.1217 14.1953 16.1203 14.214C16.102 15.1019 15.7324 15.9464 15.0926 16.5624C14.4527 17.1784 13.5947 17.5155 12.7067 17.5001H4.23136ZM3.05921 4.41006L1.99416 14.242C2.01305 14.8191 2.25835 15.3656 2.67701 15.7633C3.09567 16.1609 3.65404 16.3778 4.23136 16.367H12.7067C13.2839 16.3778 13.8422 16.1609 14.2608 15.7632C14.6793 15.3655 14.9244 14.819 14.9431 14.242L13.884 4.41006C13.8661 4.26715 13.7959 4.13592 13.687 4.04172C13.578 3.94753 13.4381 3.89706 13.2941 3.90006H3.64316C3.50014 3.89835 3.3615 3.94943 3.25377 4.04352C3.14604 4.1376 3.07677 4.26811 3.05921 4.41006ZM6.80346 2.76956H10.1338C10.0019 2.43544 9.77261 2.14871 9.47565 1.94665C9.17869 1.74458 8.8278 1.63652 8.46861 1.63652C8.10942 1.63652 7.75854 1.74458 7.46158 1.94665C7.16461 2.14871 6.93531 2.43544 6.80346 2.76956ZM5.55481 6.73566C5.56057 6.58498 5.62448 6.44238 5.73312 6.33781C5.84176 6.23324 5.98669 6.17482 6.13749 6.17482C6.28828 6.17482 6.43321 6.23324 6.54186 6.33781C6.6505 6.44238 6.71441 6.58498 6.72016 6.73566C6.73743 7.18771 6.92915 7.6155 7.25508 7.92921C7.58101 8.24293 8.01581 8.41818 8.46819 8.41818C8.92057 8.41818 9.35536 8.24293 9.68129 7.92921C10.0072 7.6155 10.1989 7.18771 10.2162 6.73566C10.222 6.58498 10.2859 6.44238 10.3945 6.33781C10.5032 6.23324 10.6481 6.17482 10.7989 6.17482C10.9497 6.17482 11.0946 6.23324 11.2033 6.33781C11.3119 6.44238 11.3758 6.58498 11.3816 6.73566C11.3704 7.49706 11.0575 8.22291 10.5117 8.7539C9.96592 9.28489 9.23173 9.57762 8.47031 9.56786C8.0929 9.57337 7.7181 9.50448 7.36732 9.36512C7.01654 9.22577 6.69664 9.01867 6.42591 8.75567C6.15517 8.49267 5.93889 8.17891 5.78943 7.83231C5.63997 7.48572 5.56024 7.11307 5.55481 6.73566Z"
                    fill="white"
                  />
                </svg>
                <p
                  class="sc-d3fee227-9 juEQfv"
                >
                  2
                </p>
              </div>
            </div>
          </div>
        </div>
        <div
          class="sc-dlfmHC sc-bbf47a8d-0 jtvEvI gLpuEv"
          data-name="col-xs-6 col-sm-6 col-md-6 col-lg-3"
          lg="3"
          md="6"
          sm="6"
          xs="6"
        >
          <div
            class="sc-d3fee227-2 lavfCs"
          >
            <img
              alt="house"
              class="sc-d3fee227-13 jknIaM"
              data-nimg="1"
              decoding="async"
              height="252"
              loading="lazy"
              src="/_next/image?url=%2Finspirationpageimages%2Fimage.jpg&w=640&q=75"
              srcset="/_next/image?url=%2Finspirationpageimages%2Fimage.jpg&w=256&q=75 1x, /_next/image?url=%2Finspirationpageimages%2Fimage.jpg&w=640&q=75 2x"
              style="color: transparent;"
              width="252"
            />
            <div
              class="sc-d3fee227-8 gHUjKi"
            >
              <div
                class="sc-d3fee227-10 gdWbQi"
              >
                <svg
                  fill="white"
                  height="17"
                  viewBox="0 0 17 18"
                  width="17"
                  xmlns="http://www.w3.org/2000/svg"
                >
                  <path
                    d="M4.23136 17.5001C3.34385 17.5151 2.48655 17.1778 1.84722 16.562C1.20788 15.9463 0.838626 15.1023 0.820313 14.2148L0.820312 14.1587L1.88876 4.29361C1.94157 3.86785 2.14996 3.47666 2.47384 3.19531C2.79772 2.91395 3.2142 2.76231 3.64316 2.76956H5.58456C5.74116 2.12268 6.11068 1.54723 6.63374 1.13567C7.15681 0.724121 7.80305 0.500366 8.46861 0.500366C9.13418 0.500366 9.78042 0.724121 10.3035 1.13567C10.8265 1.54723 11.1961 2.12268 11.3527 2.76956H13.2941C13.7232 2.76227 14.1399 2.91385 14.4641 3.19517C14.7882 3.4765 14.997 3.86771 15.0502 4.29361L16.1203 14.1579C16.1217 14.1765 16.1217 14.1953 16.1203 14.214C16.102 15.1019 15.7324 15.9464 15.0926 16.5624C14.4527 17.1784 13.5947 17.5155 12.7067 17.5001H4.23136ZM3.05921 4.41006L1.99416 14.242C2.01305 14.8191 2.25835 15.3656 2.67701 15.7633C3.09567 16.1609 3.65404 16.3778 4.23136 16.367H12.7067C13.2839 16.3778 13.8422 16.1609 14.2608 15.7632C14.6793 15.3655 14.9244 14.819 14.9431 14.242L13.884 4.41006C13.8661 4.26715 13.7959 4.13592 13.687 4.04172C13.578 3.94753 13.4381 3.89706 13.2941 3.90006H3.64316C3.50014 3.89835 3.3615 3.94943 3.25377 4.04352C3.14604 4.1376 3.07677 4.26811 3.05921 4.41006ZM6.80346 2.76956H10.1338C10.0019 2.43544 9.77261 2.14871 9.47565 1.94665C9.17869 1.74458 8.8278 1.63652 8.46861 1.63652C8.10942 1.63652 7.75854 1.74458 7.46158 1.94665C7.16461 2.14871 6.93531 2.43544 6.80346 2.76956ZM5.55481 6.73566C5.56057 6.58498 5.62448 6.44238 5.73312 6.33781C5.84176 6.23324 5.98669 6.17482 6.13749 6.17482C6.28828 6.17482 6.43321 6.23324 6.54186 6.33781C6.6505 6.44238 6.71441 6.58498 6.72016 6.73566C6.73743 7.18771 6.92915 7.6155 7.25508 7.92921C7.58101 8.24293 8.01581 8.41818 8.46819 8.41818C8.92057 8.41818 9.35536 8.24293 9.68129 7.92921C10.0072 7.6155 10.1989 7.18771 10.2162 6.73566C10.222 6.58498 10.2859 6.44238 10.3945 6.33781C10.5032 6.23324 10.6481 6.17482 10.7989 6.17482C10.9497 6.17482 11.0946 6.23324 11.2033 6.33781C11.3119 6.44238 11.3758 6.58498 11.3816 6.73566C11.3704 7.49706 11.0575 8.22291 10.5117 8.7539C9.96592 9.28489 9.23173 9.57762 8.47031 9.56786C8.0929 9.57337 7.7181 9.50448 7.36732 9.36512C7.01654 9.22577 6.69664 9.01867 6.42591 8.75567C6.15517 8.49267 5.93889 8.17891 5.78943 7.83231C5.63997 7.48572 5.56024 7.11307 5.55481 6.73566Z"
                    fill="white"
                  />
                </svg>
                <p
                  class="sc-d3fee227-9 juEQfv"
                >
                  2
                </p>
              </div>
            </div>
          </div>
        </div>
        <div
          class="sc-dlfmHC sc-bbf47a8d-0 jtvEvI gLpuEv"
          data-name="col-xs-6 col-sm-6 col-md-6 col-lg-3"
          lg="3"
          md="6"
          sm="6"
          xs="6"
        >
          <div
            class="sc-d3fee227-2 lavfCs"
          >
            <img
              alt="house"
              class="sc-d3fee227-13 jknIaM"
              data-nimg="1"
              decoding="async"
              height="252"
              loading="lazy"
              src="/_next/image?url=%2Finspirationpageimages%2Fimage.jpg&w=640&q=75"
              srcset="/_next/image?url=%2Finspirationpageimages%2Fimage.jpg&w=256&q=75 1x, /_next/image?url=%2Finspirationpageimages%2Fimage.jpg&w=640&q=75 2x"
              style="color: transparent;"
              width="252"
            />
            <div
              class="sc-d3fee227-8 gHUjKi"
            >
              <div
                class="sc-d3fee227-10 gdWbQi"
              >
                <svg
                  fill="white"
                  height="17"
                  viewBox="0 0 17 18"
                  width="17"
                  xmlns="http://www.w3.org/2000/svg"
                >
                  <path
                    d="M4.23136 17.5001C3.34385 17.5151 2.48655 17.1778 1.84722 16.562C1.20788 15.9463 0.838626 15.1023 0.820313 14.2148L0.820312 14.1587L1.88876 4.29361C1.94157 3.86785 2.14996 3.47666 2.47384 3.19531C2.79772 2.91395 3.2142 2.76231 3.64316 2.76956H5.58456C5.74116 2.12268 6.11068 1.54723 6.63374 1.13567C7.15681 0.724121 7.80305 0.500366 8.46861 0.500366C9.13418 0.500366 9.78042 0.724121 10.3035 1.13567C10.8265 1.54723 11.1961 2.12268 11.3527 2.76956H13.2941C13.7232 2.76227 14.1399 2.91385 14.4641 3.19517C14.7882 3.4765 14.997 3.86771 15.0502 4.29361L16.1203 14.1579C16.1217 14.1765 16.1217 14.1953 16.1203 14.214C16.102 15.1019 15.7324 15.9464 15.0926 16.5624C14.4527 17.1784 13.5947 17.5155 12.7067 17.5001H4.23136ZM3.05921 4.41006L1.99416 14.242C2.01305 14.8191 2.25835 15.3656 2.67701 15.7633C3.09567 16.1609 3.65404 16.3778 4.23136 16.367H12.7067C13.2839 16.3778 13.8422 16.1609 14.2608 15.7632C14.6793 15.3655 14.9244 14.819 14.9431 14.242L13.884 4.41006C13.8661 4.26715 13.7959 4.13592 13.687 4.04172C13.578 3.94753 13.4381 3.89706 13.2941 3.90006H3.64316C3.50014 3.89835 3.3615 3.94943 3.25377 4.04352C3.14604 4.1376 3.07677 4.26811 3.05921 4.41006ZM6.80346 2.76956H10.1338C10.0019 2.43544 9.77261 2.14871 9.47565 1.94665C9.17869 1.74458 8.8278 1.63652 8.46861 1.63652C8.10942 1.63652 7.75854 1.74458 7.46158 1.94665C7.16461 2.14871 6.93531 2.43544 6.80346 2.76956ZM5.55481 6.73566C5.56057 6.58498 5.62448 6.44238 5.73312 6.33781C5.84176 6.23324 5.98669 6.17482 6.13749 6.17482C6.28828 6.17482 6.43321 6.23324 6.54186 6.33781C6.6505 6.44238 6.71441 6.58498 6.72016 6.73566C6.73743 7.18771 6.92915 7.6155 7.25508 7.92921C7.58101 8.24293 8.01581 8.41818 8.46819 8.41818C8.92057 8.41818 9.35536 8.24293 9.68129 7.92921C10.0072 7.6155 10.1989 7.18771 10.2162 6.73566C10.222 6.58498 10.2859 6.44238 10.3945 6.33781C10.5032 6.23324 10.6481 6.17482 10.7989 6.17482C10.9497 6.17482 11.0946 6.23324 11.2033 6.33781C11.3119 6.44238 11.3758 6.58498 11.3816 6.73566C11.3704 7.49706 11.0575 8.22291 10.5117 8.7539C9.96592 9.28489 9.23173 9.57762 8.47031 9.56786C8.0929 9.57337 7.7181 9.50448 7.36732 9.36512C7.01654 9.22577 6.69664 9.01867 6.42591 8.75567C6.15517 8.49267 5.93889 8.17891 5.78943 7.83231C5.63997 7.48572 5.56024 7.11307 5.55481 6.73566Z"
                    fill="white"
                  />
                </svg>
                <p
                  class="sc-d3fee227-9 juEQfv"
                >
                  2
                </p>
              </div>
            </div>
          </div>
        </div>
        <div
          class="sc-dlfmHC sc-bbf47a8d-0 jtvEvI gLpuEv"
          data-name="col-xs-6 col-sm-6 col-md-6 col-lg-3"
          lg="3"
          md="6"
          sm="6"
          xs="6"
        >
          <div
            class="sc-d3fee227-2 lavfCs"
          >
            <img
              alt="house"
              class="sc-d3fee227-13 jknIaM"
              data-nimg="1"
              decoding="async"
              height="252"
              loading="lazy"
              src="/_next/image?url=%2Finspirationpageimages%2Fimage.jpg&w=640&q=75"
              srcset="/_next/image?url=%2Finspirationpageimages%2Fimage.jpg&w=256&q=75 1x, /_next/image?url=%2Finspirationpageimages%2Fimage.jpg&w=640&q=75 2x"
              style="color: transparent;"
              width="252"
            />
            <div
              class="sc-d3fee227-8 gHUjKi"
            >
              <div
                class="sc-d3fee227-10 gdWbQi"
              >
                <svg
                  fill="white"
                  height="17"
                  viewBox="0 0 17 18"
                  width="17"
                  xmlns="http://www.w3.org/2000/svg"
                >
                  <path
                    d="M4.23136 17.5001C3.34385 17.5151 2.48655 17.1778 1.84722 16.562C1.20788 15.9463 0.838626 15.1023 0.820313 14.2148L0.820312 14.1587L1.88876 4.29361C1.94157 3.86785 2.14996 3.47666 2.47384 3.19531C2.79772 2.91395 3.2142 2.76231 3.64316 2.76956H5.58456C5.74116 2.12268 6.11068 1.54723 6.63374 1.13567C7.15681 0.724121 7.80305 0.500366 8.46861 0.500366C9.13418 0.500366 9.78042 0.724121 10.3035 1.13567C10.8265 1.54723 11.1961 2.12268 11.3527 2.76956H13.2941C13.7232 2.76227 14.1399 2.91385 14.4641 3.19517C14.7882 3.4765 14.997 3.86771 15.0502 4.29361L16.1203 14.1579C16.1217 14.1765 16.1217 14.1953 16.1203 14.214C16.102 15.1019 15.7324 15.9464 15.0926 16.5624C14.4527 17.1784 13.5947 17.5155 12.7067 17.5001H4.23136ZM3.05921 4.41006L1.99416 14.242C2.01305 14.8191 2.25835 15.3656 2.67701 15.7633C3.09567 16.1609 3.65404 16.3778 4.23136 16.367H12.7067C13.2839 16.3778 13.8422 16.1609 14.2608 15.7632C14.6793 15.3655 14.9244 14.819 14.9431 14.242L13.884 4.41006C13.8661 4.26715 13.7959 4.13592 13.687 4.04172C13.578 3.94753 13.4381 3.89706 13.2941 3.90006H3.64316C3.50014 3.89835 3.3615 3.94943 3.25377 4.04352C3.14604 4.1376 3.07677 4.26811 3.05921 4.41006ZM6.80346 2.76956H10.1338C10.0019 2.43544 9.77261 2.14871 9.47565 1.94665C9.17869 1.74458 8.8278 1.63652 8.46861 1.63652C8.10942 1.63652 7.75854 1.74458 7.46158 1.94665C7.16461 2.14871 6.93531 2.43544 6.80346 2.76956ZM5.55481 6.73566C5.56057 6.58498 5.62448 6.44238 5.73312 6.33781C5.84176 6.23324 5.98669 6.17482 6.13749 6.17482C6.28828 6.17482 6.43321 6.23324 6.54186 6.33781C6.6505 6.44238 6.71441 6.58498 6.72016 6.73566C6.73743 7.18771 6.92915 7.6155 7.25508 7.92921C7.58101 8.24293 8.01581 8.41818 8.46819 8.41818C8.92057 8.41818 9.35536 8.24293 9.68129 7.92921C10.0072 7.6155 10.1989 7.18771 10.2162 6.73566C10.222 6.58498 10.2859 6.44238 10.3945 6.33781C10.5032 6.23324 10.6481 6.17482 10.7989 6.17482C10.9497 6.17482 11.0946 6.23324 11.2033 6.33781C11.3119 6.44238 11.3758 6.58498 11.3816 6.73566C11.3704 7.49706 11.0575 8.22291 10.5117 8.7539C9.96592 9.28489 9.23173 9.57762 8.47031 9.56786C8.0929 9.57337 7.7181 9.50448 7.36732 9.36512C7.01654 9.22577 6.69664 9.01867 6.42591 8.75567C6.15517 8.49267 5.93889 8.17891 5.78943 7.83231C5.63997 7.48572 5.56024 7.11307 5.55481 6.73566Z"
                    fill="white"
                  />
                </svg>
                <p
                  class="sc-d3fee227-9 juEQfv"
                >
                  2
                </p>
              </div>
            </div>
          </div>
        </div>
      </div>
    </div>
  </div>
</div>
`;
